Line 1: Test message
Line 2: Another message
Line 3: Final message